// Jest Snapshot v1, https://goo.gl/fbAQLP

exports[`test pagenotfound component whole pagenotfound should match snapshot 1`] = `
<DocumentFragment>
  <div
    class="MuiContainer-root errorPage MuiContainer-fixed MuiContainer-maxWidthLg"
  >
    <img
      alt="logo"
      class="logo"
      src="/images/logo.png"
    />
    <div
      class="errorContent"
    >
      <p
        class="error"
      >
        Page Not Found
      </p>
      <a
        href="/"
      >
        Go Back To Home
      </a>
    </div>
  </div>
  <div
    class="MuiContainer-root footer MuiContainer-fixed MuiContainer-maxWidthLg"
  >
    <img
      alt="logo"
      class="logo-footer"
      src="/images/logo.png"
    />
  </div>
</DocumentFragment>
`;
