// Jest Snapshot v1, https://goo.gl/fbAQLP

exports[`test pagenotfound component whole pagenotfound 1`] = `
<DocumentFragment>
  <div
    class="MuiContainer-root error-page MuiContainer-fixed MuiContainer-maxWidthLg"
  >
    <img
      alt=""
      class="logo"
      src=""
    />
    <div
      class="error-content"
    >
      <p
        class="error"
      >
        Page Not Found
      </p>
      <a
        class="home-link"
        href="/movies"
        title="linkToHome"
      >
        Go Back To Home
      </a>
    </div>
  </div>
  <div
    class="MuiContainer-root footer MuiContainer-fixed MuiContainer-maxWidthLg"
  >
    <img
      alt=""
      class="logo-footer"
      src=""
    />
  </div>
</DocumentFragment>
`;
